17:11:21 **** Incremental Build of configuration Debug for project 008_HelloWorld_UART_vitis ****
make all 
make --no-print-directory pre-build
a9-linaro-pre-build-step
' '
make --no-print-directory main-build
'Building file: ../src/helloworld.cpp'
'Invoking: ARM v7 g++ compiler'
arm-none-eabi-g++ -Wall -O0 -g3 -c -fmessage-length=0 -MT"src/helloworld.o" -mcpu=cortex-a9 -mfpu=vfpv3 -mfloat-abi=hard -IC:/Users/hohai/OneDrive/Desktop/Code/ZedBoard_Zynq7000/Training/008_platform/export/008_platform/sw/008_platform/standalone_domain/bspinclude/include -MMD -MP -MF"src/helloworld.d" -MT"src/helloworld.o" -o "src/helloworld.o" "../src/helloworld.cpp"
'Finished building: ../src/helloworld.cpp'
' '
'Building target: 008_HelloWorld_UART_vitis.elf'
'Invoking: ARM v7 g++ linker'
arm-none-eabi-g++ -mcpu=cortex-a9 -mfpu=vfpv3 -mfloat-abi=hard -Wl,-build-id=none -specs=Xilinx.spec -Wl,-T -Wl,../src/lscript.ld -LC:/Users/hohai/OneDrive/Desktop/Code/ZedBoard_Zynq7000/Training/008_platform/export/008_platform/sw/008_platform/standalone_domain/bsplib/lib -o "008_HelloWorld_UART_vitis.elf"  ./src/helloworld.o   -Wl,--start-group,-lxil,-lgcc,-lc,-lstdc++,--end-group
'Finished building target: 008_HelloWorld_UART_vitis.elf'
' '
'Invoking: ARM v7 Print Size'
arm-none-eabi-size 008_HelloWorld_UART_vitis.elf  |tee "008_HelloWorld_UART_vitis.elf.size"
   text	   data	    bss	    dec	    hex	filename
 368316	   2832	  29124	 400272	  61b90	008_HelloWorld_UART_vitis.elf
'Finished building: 008_HelloWorld_UART_vitis.elf.size'
' '

17:11:22 Build Finished (took 1s.180ms)

