Nothing to build in platform '008_platform'

17:11:21 **** Incremental Build of configuration Debug for project 008_HelloWorld_UART_vitis ****
make all 
make --no-print-directory pre-build
a9-linaro-pre-build-step
' '
make --no-print-directory main-build
'Building file: ../src/helloworld.cpp'
'Invoking: ARM v7 g++ compiler'
arm-none-eabi-g++ -Wall -O0 -g3 -c -fmessage-length=0 -MT"src/helloworld.o" -mcpu=cortex-a9 -mfpu=vfpv3 -mfloat-abi=hard -IC:/Users/hohai/OneDrive/Desktop/Code/ZedBoard_Zynq7000/Training/008_platform/export/008_platform/sw/008_platform/standalone_domain/bspinclude/include -MMD -MP -MF"src/helloworld.d" -MT"src/helloworld.o" -o "src/helloworld.o" "../src/helloworld.cpp"
'Finished building: ../src/helloworld.cpp'
' '
'Building target: 008_HelloWorld_UART_vitis.elf'
'Invoking: ARM v7 g++ linker'
arm-none-eabi-g++ -mcpu=cortex-a9 -mfpu=vfpv3 -mfloat-abi=hard -Wl,-build-id=none -specs=Xilinx.spec -Wl,-T -Wl,../src/lscript.ld -LC:/Users/hohai/OneDrive/Desktop/Code/ZedBoard_Zynq7000/Training/008_platform/export/008_platform/sw/008_platform/standalone_domain/bsplib/lib -o "008_HelloWorld_UART_vitis.elf"  ./src/helloworld.o   -Wl,--start-group,-lxil,-lgcc,-lc,-lstdc++,--end-group
'Finished building target: 008_HelloWorld_UART_vitis.elf'
' '
'Invoking: ARM v7 Print Size'
arm-none-eabi-size 008_HelloWorld_UART_vitis.elf  |tee "008_HelloWorld_UART_vitis.elf.size"
   text	   data	    bss	    dec	    hex	filename
 368316	   2832	  29124	 400272	  61b90	008_HelloWorld_UART_vitis.elf
'Finished building: 008_HelloWorld_UART_vitis.elf.size'
' '
17:11:22 **** Incremental Build of configuration Debug for project 008_HelloWorld_UART_vitis_system ****
make all 
Generating bif file for the system project
generate_system_bif.bat 49755 C:/Users/hohai/OneDrive/Desktop/Code/ZedBoard_Zynq7000/Training/008_platform/export/008_platform/008_platform.xpfm standalone_domain C:/Users/hohai/OneDrive/Desktop/Code/ZedBoard_Zynq7000/Training/008_HelloWorld_UART_vitis_system/Debug/system.bif
sdcard_gen --xpfm C:/Users/hohai/OneDrive/Desktop/Code/ZedBoard_Zynq7000/Training/008_platform/export/008_platform/008_platform.xpfm --sys_config 008_platform --bif C:/Users/hohai/OneDrive/Desktop/Code/ZedBoard_Zynq7000/Training/008_HelloWorld_UART_vitis_system/Debug/system.bif --bitstream C:/Users/hohai/OneDrive/Desktop/Code/ZedBoard_Zynq7000/Training/008_HelloWorld_UART_vitis/_ide/bitstream/design_1_wrapper.bit --elf C:/Users/hohai/OneDrive/Desktop/Code/ZedBoard_Zynq7000/Training/008_HelloWorld_UART_vitis/Debug/008_HelloWorld_UART_vitis.elf,ps7_cortexa9_0
creating BOOT.BIN using C:/Users/hohai/OneDrive/Desktop/Code/ZedBoard_Zynq7000/Training/008_HelloWorld_UART_vitis/_ide/bitstream/design_1_wrapper.bit
Running C:/Xilinx2020/Vitis/2020.1/bin/bootgen  -image C:/Users/hohai/OneDrive/Desktop/Code/ZedBoard_Zynq7000/Training/008_HelloWorld_UART_vitis_system/Debug/sd_card_temp/boot.bif -w -o i BOOT.BIN
