16:19:10 **** Build of configuration Debug for project 002_gpio_interrupt ****
make all 
make --no-print-directory pre-build
a9-linaro-pre-build-step
' '
make --no-print-directory main-build
'Building file: ../src/001_button_led_no_irs.cpp'
'Invoking: ARM v7 g++ compiler'
arm-none-eabi-g++ -Wall -O0 -g3 -c -fmessage-length=0 -MT"src/001_button_led_no_irs.o" -mcpu=cortex-a9 -mfpu=vfpv3 -mfloat-abi=hard -IC:/Users/hohai/OneDrive/Desktop/Code/ZedBoard_Zynq7000/001_platform/export/001_platform/sw/001_platform/standalone_domain/bspinclude/include -MMD -MP -MF"src/001_button_led_no_irs.d" -MT"src/001_button_led_no_irs.o" -o "src/001_button_led_no_irs.o" "../src/001_button_led_no_irs.cpp"
'Finished building: ../src/001_button_led_no_irs.cpp'
' '
'Building target: 002_gpio_interrupt.elf'
'Invoking: ARM v7 g++ linker'
arm-none-eabi-g++ -mcpu=cortex-a9 -mfpu=vfpv3 -mfloat-abi=hard -Wl,-build-id=none -specs=Xilinx.spec -Wl,-T -Wl,../src/lscript.ld -LC:/Users/hohai/OneDrive/Desktop/Code/ZedBoard_Zynq7000/001_platform/export/001_platform/sw/001_platform/standalone_domain/bsplib/lib -o "002_gpio_interrupt.elf"  ./src/001_button_led_no_irs.o   -Wl,--start-group,-lxil,-lgcc,-lc,-lstdc++,--end-group
'Finished building target: 002_gpio_interrupt.elf'
' '
'Invoking: ARM v7 Print Size'
arm-none-eabi-size 002_gpio_interrupt.elf  |tee "002_gpio_interrupt.elf.size"
   text	   data	    bss	    dec	    hex	filename
  35452	   2192	  22680	  60324	   eba4	002_gpio_interrupt.elf
'Finished building: 002_gpio_interrupt.elf.size'
' '

16:19:11 Build Finished (took 1s.415ms)

