15:56:28 **** Build of configuration Debug for project xspips_selftest_example_1 ****
make all 
make --no-print-directory pre-build
a9-linaro-pre-build-step
' '
make --no-print-directory main-build
'Building file: ../src/xspips_selftest_example.c'
'Invoking: ARM v7 gcc compiler'
arm-none-eabi-gcc -Wall -O0 -g3 -c -fmessage-length=0 -MT"src/xspips_selftest_example.o" -mcpu=cortex-a9 -mfpu=vfpv3 -mfloat-abi=hard -IC:/Users/hohai/OneDrive/Desktop/Code/ZedBoard_Zynq7000/001_platform/export/001_platform/sw/001_platform/standalone_domain/bspinclude/include -MMD -MP -MF"src/xspips_selftest_example.d" -MT"src/xspips_selftest_example.o" -o "src/xspips_selftest_example.o" "../src/xspips_selftest_example.c"
'Finished building: ../src/xspips_selftest_example.c'
' '
'Building target: xspips_selftest_example_1.elf'
'Invoking: ARM v7 gcc linker'
arm-none-eabi-gcc -mcpu=cortex-a9 -mfpu=vfpv3 -mfloat-abi=hard -Wl,-build-id=none -specs=Xilinx.spec -Wl,-T -Wl,../src/lscript.ld -LC:/Users/hohai/OneDrive/Desktop/Code/ZedBoard_Zynq7000/001_platform/export/001_platform/sw/001_platform/standalone_domain/bsplib/lib -o "xspips_selftest_example_1.elf"  ./src/xspips_selftest_example.o   -Wl,--start-group,-lxil,-lgcc,-lc,--end-group
'Finished building target: xspips_selftest_example_1.elf'
' '
'Invoking: ARM v7 Print Size'
arm-none-eabi-size xspips_selftest_example_1.elf  |tee "xspips_selftest_example_1.elf.size"
   text	   data	    bss	    dec	    hex	filename
  26140	   1160	  22632	  49932	   c30c	xspips_selftest_example_1.elf
'Finished building: xspips_selftest_example_1.elf.size'
' '

15:56:29 Build Finished (took 1s.295ms)

